../Core/Src/main.c:95:7:calculate_PID	56	static
../Core/Src/main.c:130:5:main	8	static
../Core/Src/main.c:193:6:SystemClock_Config	72	static
../Core/Src/main.c:232:13:MX_I2C1_Init	8	static
../Core/Src/main.c:266:13:MX_TIM1_Init	96	static
../Core/Src/main.c:341:13:MX_TIM3_Init	32	static
../Core/Src/main.c:386:13:MX_USART2_UART_Init	8	static
../Core/Src/main.c:417:13:MX_DMA_Init	16	static
../Core/Src/main.c:435:13:MX_GPIO_Init	40	static
../Core/Src/main.c:468:6:HAL_TIM_PeriodElapsedCallback	24	static
../Core/Src/main.c:492:6:HAL_UARTEx_RxEventCallback	24	static
../Core/Src/main.c:508:6:Error_Handler	4	static,ignoring_inline_asm
